Downloading https://services.gradle.org/distributions/gradle-9.7.1-bin.zip
..............10%..............20%...............30%..............40%...............50%..............60%...............70%..............80%..............90%...............100%

Welcome to Gradle 9.7.1!

Here are the highlights of this release:
 - Isolated Projects graduates to incubating
 - Broader Configuration Cache compatibility
 - Resilient Sync helps you fix broken builds
 - More source locations in problem reports

For more details see https://docs.gradle.org/9.7.1/release-notes.html

To honour the JVM settings for this build a single-use Daemon process will be forked. For more on this, please refer to https://docs.gradle.org/9.7.1/userguide/gradle_daemon.html#sec:disabling_the_daemon in the Gradle documentation.
Daemon will be stopped at the end of the build 

> Configure project :
Fabric Loom: 1.18.3

> Task :compileJava
/home/runner/work/blockfinder/blockfinder/src/main/java/com/yourname/blockatlas/highlight/BoxRenderer.java:3: error: cannot find symbol
import com.mojang.blaze3d.PrimitiveTopology;
                         ^
  symbol:   class PrimitiveTopology
  location: package com.mojang.blaze3d
/home/runner/work/blockfinder/blockfinder/src/main/java/com/yourname/blockatlas/highlight/BoxRenderer.java:4: error: cannot find symbol
import com.mojang.blaze3d.buffers.GpuBufferSlice;
                                 ^
  symbol:   class GpuBufferSlice
  location: package com.mojang.blaze3d.buffers
/home/runner/work/blockfinder/blockfinder/src/main/java/com/yourname/blockatlas/highlight/BoxRenderer.java:5: error: cannot find symbol
import com.mojang.blaze3d.pipeline.RenderPipeline;
                                  ^
  symbol:   class RenderPipeline
  location: package com.mojang.blaze3d.pipeline
/home/runner/work/blockfinder/blockfinder/src/main/java/com/yourname/blockatlas/highlight/BoxRenderer.java:7: error: cannot find symbol
import com.mojang.blaze3d.systems.RenderPass;
                                 ^
  symbol:   class RenderPass
  location: package com.mojang.blaze3d.systems
/home/runner/work/blockfinder/blockfinder/src/main/java/com/yourname/blockatlas/highlight/BoxRenderer.java:9: error: package com.mojang.blaze3d.textures does not exist
import com.mojang.blaze3d.textures.GpuTextureView;
                                  ^
/home/runner/work/blockfinder/blockfinder/src/main/java/com/yourname/blockatlas/highlight/BoxRenderer.java:11: error: cannot find symbol
import com.mojang.blaze3d.vertex.VertexFormat;
                                ^
  symbol:   class VertexFormat
  location: package com.mojang.blaze3d.vertex
/home/runner/work/blockfinder/blockfinder/src/main/java/com/yourname/blockatlas/highlight/BoxRenderer.java:46: error: cannot find symbol
    private static final RenderPipeline THROUGH_WALLS = RenderPipelines.register(
                         ^
  symbol:   class RenderPipeline
  location: class BoxRenderer
/home/runner/work/blockfinder/blockfinder/src/main/java/com/yourname/blockatlas/highlight/BoxRenderer.java:53: error: cannot find symbol
    private static final RenderPipeline WITH_DEPTH = RenderPipelines.register(
                         ^
  symbol:   class RenderPipeline
  location: class BoxRenderer
/home/runner/work/blockfinder/blockfinder/src/main/java/com/yourname/blockatlas/highlight/BoxRenderer.java:161: error: cannot find symbol
    private static void submit(Minecraft client, StagedVertexBuffer.ExecuteInfo info, RenderPipeline pipeline) {
                                                                                      ^
  symbol:   class RenderPipeline
  location: class BoxRenderer
/home/runner/work/blockfinder/blockfinder/src/main/java/com/yourname/blockatlas/gui/BlockAtlasScreen.java:21: error: package org.lwjgl.glfw does not exist
import org.lwjgl.glfw.GLFW;
                     ^
/home/runner/work/blockfinder/blockfinder/src/main/java/com/yourname/blockatlas/gui/widget/SearchField.java:6: error: package org.lwjgl.glfw does not exist
import org.lwjgl.glfw.GLFW;
                     ^
/home/runner/work/blockfinder/blockfinder/src/main/java/com/yourname/blockatlas/BlockAtlasClient.java:44: error: cannot find symbol
                "key.blockatlas.open", InputConstants.Type.KEYSYM, InputConstants.KEY_B, category));
                                                          ^
  symbol:   variable KEYSYM
  location: class Type
/home/runner/work/blockfinder/blockfinder/src/main/java/com/yourname/blockatlas/BlockAtlasClient.java:46: error: cannot find symbol
                "key.blockatlas.toggle", InputConstants.Type.KEYSYM, InputConstants.UNKNOWN.getValue(), category));
                                                            ^
  symbol:   variable KEYSYM
  location: class Type
/home/runner/work/blockfinder/blockfinder/src/main/java/com/yourname/blockatlas/highlight/BoxRenderer.java:47: error: cannot find symbol
            RenderPipeline.builder(RenderPipelines.DEBUG_FILLED_SNIPPET)
            ^
  symbol:   variable RenderPipeline
  location: class BoxRenderer
/home/runner/work/blockfinder/blockfinder/src/main/java/com/yourname/blockatlas/highlight/BoxRenderer.java:54: error: cannot find symbol
            RenderPipeline.builder(RenderPipelines.DEBUG_FILLED_SNIPPET)
            ^
  symbol:   variable RenderPipeline
  location: class BoxRenderer
/home/runner/work/blockfinder/blockfinder/src/main/java/com/yourname/blockatlas/highlight/BoxRenderer.java:103: error: cannot find symbol
        RenderPipeline pipeline = frameThroughWalls ? THROUGH_WALLS : WITH_DEPTH;
        ^
  symbol:   class RenderPipeline
  location: class BoxRenderer
/home/runner/work/blockfinder/blockfinder/src/main/java/com/yourname/blockatlas/highlight/BoxRenderer.java:104: error: cannot find symbol
        VertexFormat format = pipeline.getVertexFormatBinding(0);
        ^
  symbol:   class VertexFormat
  location: class BoxRenderer
/home/runner/work/blockfinder/blockfinder/src/main/java/com/yourname/blockatlas/highlight/BoxRenderer.java:107: error: cannot find symbol
        PrimitiveTopology topology = pipeline.getPrimitiveTopology();
        ^
  symbol:   class PrimitiveTopology
  location: class BoxRenderer
/home/runner/work/blockfinder/blockfinder/src/main/java/com/yourname/blockatlas/highlight/BoxRenderer.java:109: error: cannot find symbol
                topology == PrimitiveTopology.QUADS ? RenderSystem.getProjectionType().vertexSorting() : null);
                            ^
  symbol:   variable PrimitiveTopology
  location: class BoxRenderer
/home/runner/work/blockfinder/blockfinder/src/main/java/com/yourname/blockatlas/highlight/BoxRenderer.java:162: error: cannot find symbol
        GpuBufferSlice dynamicTransforms = RenderSystem.getDynamicUniforms()
        ^
  symbol:   class GpuBufferSlice
  location: class BoxRenderer
/home/runner/work/blockfinder/blockfinder/src/main/java/com/yourname/blockatlas/highlight/BoxRenderer.java:166: error: cannot find symbol
        GpuTextureView colorTexture = mainTarget.getColorTextureView();
        ^
  symbol:   class GpuTextureView
  location: class BoxRenderer
/home/runner/work/blockfinder/blockfinder/src/main/java/com/yourname/blockatlas/highlight/BoxRenderer.java:169: error: cannot find symbol
        try (RenderPass pass = RenderSystem.getDevice()
             ^
  symbol:   class RenderPass
  location: class BoxRenderer
/home/runner/work/blockfinder/blockfinder/src/main/java/com/yourname/blockatlas/gui/BlockAtlasScreen.java:548: error: cannot find symbol
        boolean ctrl = (mods & (GLFW.GLFW_MOD_CONTROL | GLFW.GLFW_MOD_SUPER)) != 0;
                                ^
  symbol:   variable GLFW
  location: class BlockAtlasScreen
/home/runner/work/blockfinder/blockfinder/src/main/java/com/yourname/blockatlas/gui/BlockAtlasScreen.java:548: error: cannot find symbol
        boolean ctrl = (mods & (GLFW.GLFW_MOD_CONTROL | GLFW.GLFW_MOD_SUPER)) != 0;
                                                        ^
  symbol:   variable GLFW
  location: class BlockAtlasScreen
/home/runner/work/blockfinder/blockfinder/src/main/java/com/yourname/blockatlas/gui/BlockAtlasScreen.java:550: error: cannot find symbol
        if (key == GLFW.GLFW_KEY_ESCAPE) {
                   ^
  symbol:   variable GLFW
  location: class BlockAtlasScreen
/home/runner/work/blockfinder/blockfinder/src/main/java/com/yourname/blockatlas/gui/BlockAtlasScreen.java:559: error: cannot find symbol
        if (ctrl && key == GLFW.GLFW_KEY_F) {
                           ^
  symbol:   variable GLFW
  location: class BlockAtlasScreen
/home/runner/work/blockfinder/blockfinder/src/main/java/com/yourname/blockatlas/gui/widget/SearchField.java:139: error: cannot find symbol
        boolean ctrl = (modifiers & (GLFW.GLFW_MOD_CONTROL | GLFW.GLFW_MOD_SUPER)) != 0;
                                     ^
  symbol:   variable GLFW
  location: class SearchField
/home/runner/work/blockfinder/blockfinder/src/main/java/com/yourname/blockatlas/gui/widget/SearchField.java:139: error: cannot find symbol
        boolean ctrl = (modifiers & (GLFW.GLFW_MOD_CONTROL | GLFW.GLFW_MOD_SUPER)) != 0;
                                                             ^
  symbol:   variable GLFW
  location: class SearchField
/home/runner/work/blockfinder/blockfinder/src/main/java/com/yourname/blockatlas/gui/widget/SearchField.java:143: error: package GLFW does not exist
            case GLFW.GLFW_KEY_BACKSPACE -> {
                     ^
/home/runner/work/blockfinder/blockfinder/src/main/java/com/yourname/blockatlas/gui/widget/SearchField.java:153: error: package GLFW does not exist
            case GLFW.GLFW_KEY_DELETE -> {
                     ^
/home/runner/work/blockfinder/blockfinder/src/main/java/com/yourname/blockatlas/gui/widget/SearchField.java:162: error: package GLFW does not exist
            case GLFW.GLFW_KEY_LEFT -> cursor = cursor > 0 ? (ctrl ? previousWord(cursor) : text.offsetByCodePoints(cursor, -1)) : 0;
                     ^
/home/runner/work/blockfinder/blockfinder/src/main/java/com/yourname/blockatlas/gui/widget/SearchField.java:163: error: package GLFW does not exist
            case GLFW.GLFW_KEY_RIGHT -> cursor = cursor < text.length() ? text.offsetByCodePoints(cursor, 1) : text.length();
                     ^
/home/runner/work/blockfinder/blockfinder/src/main/java/com/yourname/blockatlas/gui/widget/SearchField.java:164: error: package GLFW does not exist
            case GLFW.GLFW_KEY_HOME -> cursor = 0;
                     ^
/home/runner/work/blockfinder/blockfinder/src/main/java/com/yourname/blockatlas/gui/widget/SearchField.java:165: error: package GLFW does not exist
            case GLFW.GLFW_KEY_END -> cursor = text.length();
                     ^
/home/runner/work/blockfinder/blockfinder/src/main/java/com/yourname/blockatlas/gui/widget/SearchField.java:166: error: package GLFW does not exist
            case GLFW.GLFW_KEY_A -> {
                     ^
/home/runner/work/blockfinder/blockfinder/src/main/java/com/yourname/blockatlas/gui/widget/SearchField.java:171: error: package GLFW does not exist
            case GLFW.GLFW_KEY_C -> {
                     ^
/home/runner/work/blockfinder/blockfinder/src/main/java/com/yourname/blockatlas/gui/widget/SearchField.java:176: error: package GLFW does not exist
            case GLFW.GLFW_KEY_V -> {
                     ^
37 errors

> Task :compileJava FAILED

[Incubating] Problems report is available at: file:///home/runner/work/blockfinder/blockfinder/build/reports/problems/problems-report.html

FAILURE: Build failed with an exception.

* What went wrong:
Execution failed for task ':compileJava' (registered by plugin class 'org.gradle.api.plugins.JavaBasePlugin').
> Compilation failed; see the compiler output below.
  /home/runner/work/blockfinder/blockfinder/src/main/java/com/yourname/blockatlas/highlight/BoxRenderer.java:3: error: cannot find symbol
  import com.mojang.blaze3d.PrimitiveTopology;
                           ^
    symbol:   class PrimitiveTopology
    location: package com.mojang.blaze3d
  /home/runner/work/blockfinder/blockfinder/src/main/java/com/yourname/blockatlas/highlight/BoxRenderer.java:4: error: cannot find symbol
  import com.mojang.blaze3d.buffers.GpuBufferSlice;
                                   ^
    symbol:   class GpuBufferSlice
    location: package com.mojang.blaze3d.buffers
  /home/runner/work/blockfinder/blockfinder/src/main/java/com/yourname/blockatlas/highlight/BoxRenderer.java:5: error: cannot find symbol
  import com.mojang.blaze3d.pipeline.RenderPipeline;
                                    ^
    symbol:   class RenderPipeline
    location: package com.mojang.blaze3d.pipeline
  /home/runner/work/blockfinder/blockfinder/src/main/java/com/yourname/blockatlas/highlight/BoxRenderer.java:7: error: cannot find symbol
  import com.mojang.blaze3d.systems.RenderPass;
                                   ^
    symbol:   class RenderPass
    location: package com.mojang.blaze3d.systems
  /home/runner/work/blockfinder/blockfinder/src/main/java/com/yourname/blockatlas/highlight/BoxRenderer.java:11: error: cannot find symbol
  import com.mojang.blaze3d.vertex.VertexFormat;
                                  ^
    symbol:   class VertexFormat
    location: package com.mojang.blaze3d.vertex
  /home/runner/work/blockfinder/blockfinder/src/main/java/com/yourname/blockatlas/highlight/BoxRenderer.java:46: error: cannot find symbol
      private static final RenderPipeline THROUGH_WALLS = RenderPipelines.register(
                           ^
    symbol:   class RenderPipeline
    location: class BoxRenderer
  /home/runner/work/blockfinder/blockfinder/src/main/java/com/yourname/blockatlas/highlight/BoxRenderer.java:53: error: cannot find symbol
      private static final RenderPipeline WITH_DEPTH = RenderPipelines.register(
                           ^
    symbol:   class RenderPipeline
    location: class BoxRenderer
  /home/runner/work/blockfinder/blockfinder/src/main/java/com/yourname/blockatlas/highlight/BoxRenderer.java:161: error: cannot find symbol
      private static void submit(Minecraft client, StagedVertexBuffer.ExecuteInfo info, RenderPipeline pipeline) {
                                                                                        ^
    symbol:   class RenderPipeline
    location: class BoxRenderer
  /home/runner/work/blockfinder/blockfinder/src/main/java/com/yourname/blockatlas/BlockAtlasClient.java:44: error: cannot find symbol
                  "key.blockatlas.open", InputConstants.Type.KEYSYM, InputConstants.KEY_B, category));
                                                            ^
    symbol:   variable KEYSYM
    location: class Type
  /home/runner/work/blockfinder/blockfinder/src/main/java/com/yourname/blockatlas/BlockAtlasClient.java:46: error: cannot find symbol
                  "key.blockatlas.toggle", InputConstants.Type.KEYSYM, InputConstants.UNKNOWN.getValue(), category));
                                                              ^
    symbol:   variable KEYSYM
    location: class Type
  /home/runner/work/blockfinder/blockfinder/src/main/java/com/yourname/blockatlas/highlight/BoxRenderer.java:47: error: cannot find symbol
              RenderPipeline.builder(RenderPipelines.DEBUG_FILLED_SNIPPET)
              ^
    symbol:   variable RenderPipeline
    location: class BoxRenderer
  /home/runner/work/blockfinder/blockfinder/src/main/java/com/yourname/blockatlas/highlight/BoxRenderer.java:54: error: cannot find symbol
              RenderPipeline.builder(RenderPipelines.DEBUG_FILLED_SNIPPET)
              ^
    symbol:   variable RenderPipeline
    location: class BoxRenderer
  /home/runner/work/blockfinder/blockfinder/src/main/java/com/yourname/blockatlas/highlight/BoxRenderer.java:103: error: cannot find symbol
          RenderPipeline pipeline = frameThroughWalls ? THROUGH_WALLS : WITH_DEPTH;
          ^
    symbol:   class RenderPipeline
    location: class BoxRenderer
  /home/runner/work/blockfinder/blockfinder/src/main/java/com/yourname/blockatlas/highlight/BoxRenderer.java:104: error: cannot find symbol
          VertexFormat format = pipeline.getVertexFormatBinding(0);
          ^
    symbol:   class VertexFormat
    location: class BoxRenderer
  /home/runner/work/blockfinder/blockfinder/src/main/java/com/yourname/blockatlas/highlight/BoxRenderer.java:107: error: cannot find symbol
          PrimitiveTopology topology = pipeline.getPrimitiveTopology();
          ^
    symbol:   class PrimitiveTopology
    location: class BoxRenderer
  /home/runner/work/blockfinder/blockfinder/src/main/java/com/yourname/blockatlas/highlight/BoxRenderer.java:109: error: cannot find symbol
                  topology == PrimitiveTopology.QUADS ? RenderSystem.getProjectionType().vertexSorting() : null);
                              ^
    symbol:   variable PrimitiveTopology
    location: class BoxRenderer
  /home/runner/work/blockfinder/blockfinder/src/main/java/com/yourname/blockatlas/highlight/BoxRenderer.java:162: error: cannot find symbol
          GpuBufferSlice dynamicTransforms = RenderSystem.getDynamicUniforms()
          ^
    symbol:   class GpuBufferSlice
    location: class BoxRenderer
  /home/runner/work/blockfinder/blockfinder/src/main/java/com/yourname/blockatlas/highlight/BoxRenderer.java:166: error: cannot find symbol
          GpuTextureView colorTexture = mainTarget.getColorTextureView();
          ^
    symbol:   class GpuTextureView
    location: class BoxRenderer
  /home/runner/work/blockfinder/blockfinder/src/main/java/com/yourname/blockatlas/highlight/BoxRenderer.java:169: error: cannot find symbol
          try (RenderPass pass = RenderSystem.getDevice()
               ^
    symbol:   class RenderPass
    location: class BoxRenderer
  /home/runner/work/blockfinder/blockfinder/src/main/java/com/yourname/blockatlas/gui/BlockAtlasScreen.java:548: error: cannot find symbol
          boolean ctrl = (mods & (GLFW.GLFW_MOD_CONTROL | GLFW.GLFW_MOD_SUPER)) != 0;
                                  ^
    symbol:   variable GLFW
    location: class BlockAtlasScreen
  /home/runner/work/blockfinder/blockfinder/src/main/java/com/yourname/blockatlas/gui/BlockAtlasScreen.java:548: error: cannot find symbol
          boolean ctrl = (mods & (GLFW.GLFW_MOD_CONTROL | GLFW.GLFW_MOD_SUPER)) != 0;
                                                          ^
    symbol:   variable GLFW
    location: class BlockAtlasScreen
  /home/runner/work/blockfinder/blockfinder/src/main/java/com/yourname/blockatlas/gui/BlockAtlasScreen.java:550: error: cannot find symbol
          if (key == GLFW.GLFW_KEY_ESCAPE) {
                     ^
    symbol:   variable GLFW
    location: class BlockAtlasScreen
  /home/runner/work/blockfinder/blockfinder/src/main/java/com/yourname/blockatlas/gui/BlockAtlasScreen.java:559: error: cannot find symbol
          if (ctrl && key == GLFW.GLFW_KEY_F) {
                             ^
    symbol:   variable GLFW
    location: class BlockAtlasScreen
  /home/runner/work/blockfinder/blockfinder/src/main/java/com/yourname/blockatlas/gui/widget/SearchField.java:139: error: cannot find symbol
          boolean ctrl = (modifiers & (GLFW.GLFW_MOD_CONTROL | GLFW.GLFW_MOD_SUPER)) != 0;
                                       ^
    symbol:   variable GLFW
    location: class SearchField
  /home/runner/work/blockfinder/blockfinder/src/main/java/com/yourname/blockatlas/gui/widget/SearchField.java:139: error: cannot find symbol
          boolean ctrl = (modifiers & (GLFW.GLFW_MOD_CONTROL | GLFW.GLFW_MOD_SUPER)) != 0;
                                                               ^
    symbol:   variable GLFW
    location: class SearchField
  /home/runner/work/blockfinder/blockfinder/src/main/java/com/yourname/blockatlas/highlight/BoxRenderer.java:9: error: package com.mojang.blaze3d.textures does not exist
  import com.mojang.blaze3d.textures.GpuTextureView;
                                    ^
  /home/runner/work/blockfinder/blockfinder/src/main/java/com/yourname/blockatlas/gui/BlockAtlasScreen.java:21: error: package org.lwjgl.glfw does not exist
  import org.lwjgl.glfw.GLFW;
                       ^
  /home/runner/work/blockfinder/blockfinder/src/main/java/com/yourname/blockatlas/gui/widget/SearchField.java:6: error: package org.lwjgl.glfw does not exist
  import org.lwjgl.glfw.GLFW;
                       ^
  /home/runner/work/blockfinder/blockfinder/src/main/java/com/yourname/blockatlas/gui/widget/SearchField.java:143: error: package GLFW does not exist
              case GLFW.GLFW_KEY_BACKSPACE -> {
                       ^
  /home/runner/work/blockfinder/blockfinder/src/main/java/com/yourname/blockatlas/gui/widget/SearchField.java:153: error: package GLFW does not exist
              case GLFW.GLFW_KEY_DELETE -> {
                       ^
  /home/runner/work/blockfinder/blockfinder/src/main/java/com/yourname/blockatlas/gui/widget/SearchField.java:162: error: package GLFW does not exist
              case GLFW.GLFW_KEY_LEFT -> cursor = cursor > 0 ? (ctrl ? previousWord(cursor) : text.offsetByCodePoints(cursor, -1)) : 0;
                       ^
  /home/runner/work/blockfinder/blockfinder/src/main/java/com/yourname/blockatlas/gui/widget/SearchField.java:163: error: package GLFW does not exist
              case GLFW.GLFW_KEY_RIGHT -> cursor = cursor < text.length() ? text.offsetByCodePoints(cursor, 1) : text.length();
                       ^
  /home/runner/work/blockfinder/blockfinder/src/main/java/com/yourname/blockatlas/gui/widget/SearchField.java:164: error: package GLFW does not exist
              case GLFW.GLFW_KEY_HOME -> cursor = 0;
                       ^
  /home/runner/work/blockfinder/blockfinder/src/main/java/com/yourname/blockatlas/gui/widget/SearchField.java:165: error: package GLFW does not exist
              case GLFW.GLFW_KEY_END -> cursor = text.length();
                       ^
  /home/runner/work/blockfinder/blockfinder/src/main/java/com/yourname/blockatlas/gui/widget/SearchField.java:166: error: package GLFW does not exist
              case GLFW.GLFW_KEY_A -> {
                       ^
  /home/runner/work/blockfinder/blockfinder/src/main/java/com/yourname/blockatlas/gui/widget/SearchField.java:171: error: package GLFW does not exist
              case GLFW.GLFW_KEY_C -> {
                       ^
  /home/runner/work/blockfinder/blockfinder/src/main/java/com/yourname/blockatlas/gui/widget/SearchField.java:176: error: package GLFW does not exist
              case GLFW.GLFW_KEY_V -> {
                       ^
  37 errors

* Try:
> Check your code and dependencies to fix the compilation error(s)
> Run with --scan to get full insights from a Build Scan (powered by Develocity).

* Exception is:
org.gradle.api.tasks.TaskExecutionException: Execution failed for task ':compileJava' (registered by plugin class 'org.gradle.api.plugins.JavaBasePlugin').
	at org.gradle.api.internal.tasks.execution.ExecuteActionsTaskExecuter.lambda$executeIfValid$1(ExecuteActionsTaskExecuter.java:135)
	at org.gradle.internal.Try$Failure.ifSuccessfulOrElse(Try.java:288)
	at org.gradle.api.internal.tasks.execution.ExecuteActionsTaskExecuter.executeIfValid(ExecuteActionsTaskExecuter.java:133)
	at org.gradle.api.internal.tasks.execution.ExecuteActionsTaskExecuter.execute(ExecuteActionsTaskExecuter.java:121)
	at org.gradle.api.internal.tasks.execution.ProblemsTaskPathTrackingTaskExecuter.execute(ProblemsTaskPathTrackingTaskExecuter.java:41)
	at org.gradle.api.internal.tasks.execution.ResolveTaskExecutionModeExecuter.execute(ResolveTaskExecutionModeExecuter.java:51)
	at org.gradle.api.internal.tasks.execution.FinalizePropertiesTaskExecuter.execute(FinalizePropertiesTaskExecuter.java:46)
	at org.gradle.api.internal.tasks.execution.SkipTaskWithNoActionsExecuter.execute(SkipTaskWithNoActionsExecuter.java:57)
	at org.gradle.api.internal.tasks.execution.SkipOnlyIfTaskExecuter.execute(SkipOnlyIfTaskExecuter.java:74)
	at org.gradle.api.internal.tasks.execution.CatchExceptionTaskExecuter.execute(CatchExceptionTaskExecuter.java:36)
	at org.gradle.api.internal.tasks.execution.EventFiringTaskExecuter$1.executeTask(EventFiringTaskExecuter.java:77)
	at org.gradle.api.internal.tasks.execution.EventFiringTaskExecuter$1.call(EventFiringTaskExecuter.java:55)
	at org.gradle.api.internal.tasks.execution.EventFiringTaskExecuter$1.call(EventFiringTaskExecuter.java:52)
	at org.gradle.internal.operations.DefaultBuildOperationRunner$CallableBuildOperationWorker.execute(DefaultBuildOperationRunner.java:210)
	at org.gradle.internal.operations.DefaultBuildOperationRunner$CallableBuildOperationWorker.execute(DefaultBuildOperationRunner.java:205)
	at org.gradle.internal.operations.DefaultBuildOperationRunner$2.execute(DefaultBuildOperationRunner.java:67)
	at org.gradle.internal.operations.DefaultBuildOperationRunner$2.execute(DefaultBuildOperationRunner.java:60)
	at org.gradle.internal.operations.DefaultBuildOperationRunner.execute(DefaultBuildOperationRunner.java:167)
	at org.gradle.internal.operations.DefaultBuildOperationRunner.execute(DefaultBuildOperationRunner.java:60)
	at org.gradle.internal.operations.DefaultBuildOperationRunner.call(DefaultBuildOperationRunner.java:54)
	at org.gradle.api.internal.tasks.execution.EventFiringTaskExecuter.execute(EventFiringTaskExecuter.java:52)
	at org.gradle.execution.plan.DefaultNodeExecutor.executeLocalTaskNode(DefaultNodeExecutor.java:55)
	at org.gradle.execution.plan.DefaultNodeExecutor.execute(DefaultNodeExecutor.java:34)
	at org.gradle.execution.taskgraph.DefaultTaskExecutionGraph$InvokeNodeExecutorsAction.execute(DefaultTaskExecutionGraph.java:355)
	at org.gradle.execution.taskgraph.DefaultTaskExecutionGraph$InvokeNodeExecutorsAction.execute(DefaultTaskExecutionGraph.java:343)
	at org.gradle.execution.taskgraph.DefaultTaskExecutionGraph$BuildOperationAwareExecutionAction.lambda$execute$0(DefaultTaskExecutionGraph.java:339)
	at org.gradle.internal.operations.CurrentBuildOperationRef.with(CurrentBuildOperationRef.java:84)
	at org.gradle.execution.taskgraph.DefaultTaskExecutionGraph$BuildOperationAwareExecutionAction.execute(DefaultTaskExecutionGraph.java:339)
	at org.gradle.execution.taskgraph.DefaultTaskExecutionGraph$BuildOperationAwareExecutionAction.execute(DefaultTaskExecutionGraph.java:328)
	at org.gradle.execution.plan.DefaultPlanExecutor$ExecutorWorker.execute(DefaultPlanExecutor.java:459)
	at org.gradle.execution.plan.DefaultPlanExecutor$ExecutorWorker.run(DefaultPlanExecutor.java:376)
	at org.gradle.execution.plan.DefaultPlanExecutor.process(DefaultPlanExecutor.java:111)
	at org.gradle.execution.taskgraph.DefaultTaskExecutionGraph.executeWithServices(DefaultTaskExecutionGraph.java:146)
	at org.gradle.execution.taskgraph.DefaultTaskExecutionGraph.execute(DefaultTaskExecutionGraph.java:131)
	at org.gradle.execution.SelectedTaskExecutionAction.execute(SelectedTaskExecutionAction.java:35)
	at org.gradle.execution.BuildOperationFiringBuildWorkerExecutor$ExecuteTasks.call(BuildOperationFiringBuildWorkerExecutor.java:54)
	at org.gradle.execution.BuildOperationFiringBuildWorkerExecutor$ExecuteTasks.call(BuildOperationFiringBuildWorkerExecutor.java:43)
	at org.gradle.internal.operations.DefaultBuildOperationRunner$CallableBuildOperationWorker.execute(DefaultBuildOperationRunner.java:210)
	at org.gradle.internal.operations.DefaultBuildOperationRunner$CallableBuildOperationWorker.execute(DefaultBuildOperationRunner.java:205)
	at org.gradle.internal.operations.DefaultBuildOperationRunner$2.execute(DefaultBuildOperationRunner.java:67)
	at org.gradle.internal.operations.DefaultBuildOperationRunner$2.execute(DefaultBuildOperationRunner.java:60)
	at org.gradle.internal.operations.DefaultBuildOperationRunner.execute(DefaultBuildOperationRunner.java:167)
	at org.gradle.internal.operations.DefaultBuildOperationRunner.execute(DefaultBuildOperationRunner.java:60)
	at org.gradle.internal.operations.DefaultBuildOperationRunner.call(DefaultBuildOperationRunner.java:54)
	at org.gradle.execution.BuildOperationFiringBuildWorkerExecutor.execute(BuildOperationFiringBuildWorkerExecutor.java:40)
	at org.gradle.internal.build.DefaultBuildLifecycleController.lambda$executeTasks$0(DefaultBuildLifecycleController.java:323)
	at org.gradle.internal.model.StateTransitionController.doTransition(StateTransitionController.java:324)
	at org.gradle.internal.model.StateTransitionController.lambda$tryTransition$0(StateTransitionController.java:235)
	at org.gradle.internal.work.DefaultSynchronizer.withLock(DefaultSynchronizer.java:45)
	at org.gradle.internal.model.StateTransitionController.tryTransition(StateTransitionController.java:235)
	at org.gradle.internal.build.DefaultBuildLifecycleController.executeTasks(DefaultBuildLifecycleController.java:314)
	at org.gradle.internal.build.DefaultBuildWorkGraphController$DefaultBuildWorkGraph.runWork(DefaultBuildWorkGraphController.java:220)
	at org.gradle.internal.work.DefaultWorkerLeaseService.lambda$runAndReleaseLocks$0(DefaultWorkerLeaseService.java:302)
	at org.gradle.internal.work.ResourceLockStatistics$1.measure(ResourceLockStatistics.java:43)
	at org.gradle.internal.work.DefaultWorkerLeaseService.runAndReleaseLocks(DefaultWorkerLeaseService.java:300)
	at org.gradle.internal.work.DefaultWorkerLeaseService.withLocksAcquired(DefaultWorkerLeaseService.java:296)
	at org.gradle.internal.work.DefaultWorkerLeaseService.withLocks(DefaultWorkerLeaseService.java:288)
	at org.gradle.internal.work.DefaultWorkerLeaseService.runAsWorkerThread(DefaultWorkerLeaseService.java:131)
	at org.gradle.composite.internal.DefaultBuildController.doRun(DefaultBuildController.java:182)
	at org.gradle.composite.internal.DefaultBuildController$BuildOpRunnable.lambda$run$0(DefaultBuildController.java:199)
	at org.gradle.internal.operations.CurrentBuildOperationRef.with(CurrentBuildOperationRef.java:84)
	at org.gradle.composite.internal.DefaultBuildController$BuildOpRunnable.run(DefaultBuildController.java:199)
	at org.gradle.internal.concurrent.ExecutorPolicy$CatchAndRecordFailures.onExecute(ExecutorPolicy.java:65)
	at org.gradle.internal.concurrent.AbstractManagedExecutor$1.run(AbstractManagedExecutor.java:47)
Caused by: org.gradle.api.internal.tasks.compile.CompilationFailedException: Compilation failed; see the compiler output below.
/home/runner/work/blockfinder/blockfinder/src/main/java/com/yourname/blockatlas/highlight/BoxRenderer.java:3: error: cannot find symbol
import com.mojang.blaze3d.PrimitiveTopology;
                         ^
  symbol:   class PrimitiveTopology
  location: package com.mojang.blaze3d
/home/runner/work/blockfinder/blockfinder/src/main/java/com/yourname/blockatlas/highlight/BoxRenderer.java:4: error: cannot find symbol
import com.mojang.blaze3d.buffers.GpuBufferSlice;
                                 ^
  symbol:   class GpuBufferSlice
  location: package com.mojang.blaze3d.buffers
/home/runner/work/blockfinder/blockfinder/src/main/java/com/yourname/blockatlas/highlight/BoxRenderer.java:5: error: cannot find symbol
import com.mojang.blaze3d.pipeline.RenderPipeline;
                                  ^
  symbol:   class RenderPipeline
  location: package com.mojang.blaze3d.pipeline
/home/runner/work/blockfinder/blockfinder/src/main/java/com/yourname/blockatlas/highlight/BoxRenderer.java:7: error: cannot find symbol
import com.mojang.blaze3d.systems.RenderPass;
                                 ^
  symbol:   class RenderPass
  location: package com.mojang.blaze3d.systems
/home/runner/work/blockfinder/blockfinder/src/main/java/com/yourname/blockatlas/highlight/BoxRenderer.java:9: error: package com.mojang.blaze3d.textures does not exist
import com.mojang.blaze3d.textures.GpuTextureView;
                                  ^
/home/runner/work/blockfinder/blockfinder/src/main/java/com/yourname/blockatlas/highlight/BoxRenderer.java:11: error: cannot find symbol
import com.mojang.blaze3d.vertex.VertexFormat;
                                ^
  symbol:   class VertexFormat
  location: package com.mojang.blaze3d.vertex
/home/runner/work/blockfinder/blockfinder/src/main/java/com/yourname/blockatlas/highlight/BoxRenderer.java:46: error: cannot find symbol
    private static final RenderPipeline THROUGH_WALLS = RenderPipelines.register(
                         ^
  symbol:   class RenderPipeline
  location: class BoxRenderer
/home/runner/work/blockfinder/blockfinder/src/main/java/com/yourname/blockatlas/highlight/BoxRenderer.java:53: error: cannot find symbol
    private static final RenderPipeline WITH_DEPTH = RenderPipelines.register(
                         ^
  symbol:   class RenderPipeline
  location: class BoxRenderer
/home/runner/work/blockfinder/blockfinder/src/main/java/com/yourname/blockatlas/highlight/BoxRenderer.java:161: error: cannot find symbol
    private static void submit(Minecraft client, StagedVertexBuffer.ExecuteInfo info, RenderPipeline pipeline) {
                                                                                      ^
  symbol:   class RenderPipeline
  location: class BoxRenderer
/home/runner/work/blockfinder/blockfinder/src/main/java/com/yourname/blockatlas/gui/BlockAtlasScreen.java:21: error: package org.lwjgl.glfw does not exist
import org.lwjgl.glfw.GLFW;
                     ^
/home/runner/work/blockfinder/blockfinder/src/main/java/com/yourname/blockatlas/gui/widget/SearchField.java:6: error: package org.lwjgl.glfw does not exist
import org.lwjgl.glfw.GLFW;
                     ^
/home/runner/work/blockfinder/blockfinder/src/main/java/com/yourname/blockatlas/BlockAtlasClient.java:44: error: cannot find symbol
                "key.blockatlas.open", InputConstants.Type.KEYSYM, InputConstants.KEY_B, category));
                                                          ^
  symbol:   variable KEYSYM
  location: class Type
/home/runner/work/blockfinder/blockfinder/src/main/java/com/yourname/blockatlas/BlockAtlasClient.java:46: error: cannot find symbol
                "key.blockatlas.toggle", InputConstants.Type.KEYSYM, InputConstants.UNKNOWN.getValue(), category));
                                                            ^
  symbol:   variable KEYSYM
  location: class Type
/home/runner/work/blockfinder/blockfinder/src/main/java/com/yourname/blockatlas/highlight/BoxRenderer.java:47: error: cannot find symbol
            RenderPipeline.builder(RenderPipelines.DEBUG_FILLED_SNIPPET)
            ^
  symbol:   variable RenderPipeline
  location: class BoxRenderer
/home/runner/work/blockfinder/blockfinder/src/main/java/com/yourname/blockatlas/highlight/BoxRenderer.java:54: error: cannot find symbol
            RenderPipeline.builder(RenderPipelines.DEBUG_FILLED_SNIPPET)
            ^
  symbol:   variable RenderPipeline
  location: class BoxRenderer
/home/runner/work/blockfinder/blockfinder/src/main/java/com/yourname/blockatlas/highlight/BoxRenderer.java:103: error: cannot find symbol
        RenderPipeline pipeline = frameThroughWalls ? THROUGH_WALLS : WITH_DEPTH;
        ^
  symbol:   class RenderPipeline
  location: class BoxRenderer
/home/runner/work/blockfinder/blockfinder/src/main/java/com/yourname/blockatlas/highlight/BoxRenderer.java:104: error: cannot find symbol
        VertexFormat format = pipeline.getVertexFormatBinding(0);
        ^
  symbol:   class VertexFormat
  location: class BoxRenderer
/home/runner/work/blockfinder/blockfinder/src/main/java/com/yourname/blockatlas/highlight/BoxRenderer.java:107: error: cannot find symbol
        PrimitiveTopology topology = pipeline.getPrimitiveTopology();
        ^
  symbol:   class PrimitiveTopology
  location: class BoxRenderer
/home/runner/work/blockfinder/blockfinder/src/main/java/com/yourname/blockatlas/highlight/BoxRenderer.java:109: error: cannot find symbol
                topology == PrimitiveTopology.QUADS ? RenderSystem.getProjectionType().vertexSorting() : null);
                            ^
  symbol:   variable PrimitiveTopology
  location: class BoxRenderer
/home/runner/work/blockfinder/blockfinder/src/main/java/com/yourname/blockatlas/highlight/BoxRenderer.java:162: error: cannot find symbol
        GpuBufferSlice dynamicTransforms = RenderSystem.getDynamicUniforms()
        ^
  symbol:   class GpuBufferSlice
  location: class BoxRenderer
/home/runner/work/blockfinder/blockfinder/src/main/java/com/yourname/blockatlas/highlight/BoxRenderer.java:166: error: cannot find symbol
        GpuTextureView colorTexture = mainTarget.getColorTextureView();
        ^
  symbol:   class GpuTextureView
  location: class BoxRenderer
/home/runner/work/blockfinder/blockfinder/src/main/java/com/yourname/blockatlas/highlight/BoxRenderer.java:169: error: cannot find symbol
        try (RenderPass pass = RenderSystem.getDevice()
             ^
  symbol:   class RenderPass
  location: class BoxRenderer
/home/runner/work/blockfinder/blockfinder/src/main/java/com/yourname/blockatlas/gui/BlockAtlasScreen.java:548: error: cannot find symbol
        boolean ctrl = (mods & (GLFW.GLFW_MOD_CONTROL | GLFW.GLFW_MOD_SUPER)) != 0;
                                ^
  symbol:   variable GLFW
  location: class BlockAtlasScreen
/home/runner/work/blockfinder/blockfinder/src/main/java/com/yourname/blockatlas/gui/BlockAtlasScreen.java:548: error: cannot find symbol
        boolean ctrl = (mods & (GLFW.GLFW_MOD_CONTROL | GLFW.GLFW_MOD_SUPER)) != 0;
                                                        ^
  symbol:   variable GLFW
  location: class BlockAtlasScreen
/home/runner/work/blockfinder/blockfinder/src/main/java/com/yourname/blockatlas/gui/BlockAtlasScreen.java:550: error: cannot find symbol
        if (key == GLFW.GLFW_KEY_ESCAPE) {
                   ^
  symbol:   variable GLFW
  location: class BlockAtlasScreen
/home/runner/work/blockfinder/blockfinder/src/main/java/com/yourname/blockatlas/gui/BlockAtlasScreen.java:559: error: cannot find symbol
        if (ctrl && key == GLFW.GLFW_KEY_F) {
                           ^
  symbol:   variable GLFW
  location: class BlockAtlasScreen
/home/runner/work/blockfinder/blockfinder/src/main/java/com/yourname/blockatlas/gui/widget/SearchField.java:139: error: cannot find symbol
        boolean ctrl = (modifiers & (GLFW.GLFW_MOD_CONTROL | GLFW.GLFW_MOD_SUPER)) != 0;
                                     ^
  symbol:   variable GLFW
  location: class SearchField
/home/runner/work/blockfinder/blockfinder/src/main/java/com/yourname/blockatlas/gui/widget/SearchField.java:139: error: cannot find symbol
        boolean ctrl = (modifiers & (GLFW.GLFW_MOD_CONTROL | GLFW.GLFW_MOD_SUPER)) != 0;
                                                             ^
  symbol:   variable GLFW
  location: class SearchField
/home/runner/work/blockfinder/blockfinder/src/main/java/com/yourname/blockatlas/gui/widget/SearchField.java:143: error: package GLFW does not exist
            case GLFW.GLFW_KEY_BACKSPACE -> {
                     ^
/home/runner/work/blockfinder/blockfinder/src/main/java/com/yourname/blockatlas/gui/widget/SearchField.java:153: error: package GLFW does not exist
            case GLFW.GLFW_KEY_DELETE -> {
                     ^
/home/runner/work/blockfinder/blockfinder/src/main/java/com/yourname/blockatlas/gui/widget/SearchField.java:162: error: package GLFW does not exist
            case GLFW.GLFW_KEY_LEFT -> cursor = cursor > 0 ? (ctrl ? previousWord(cursor) : text.offsetByCodePoints(cursor, -1)) : 0;
                     ^
/home/runner/work/blockfinder/blockfinder/src/main/java/com/yourname/blockatlas/gui/widget/SearchField.java:163: error: package GLFW does not exist
            case GLFW.GLFW_KEY_RIGHT -> cursor = cursor < text.length() ? text.offsetByCodePoints(cursor, 1) : text.length();
                     ^
/home/runner/work/blockfinder/blockfinder/src/main/java/com/yourname/blockatlas/gui/widget/SearchField.java:164: error: package GLFW does not exist
            case GLFW.GLFW_KEY_HOME -> cursor = 0;
                     ^
/home/runner/work/blockfinder/blockfinder/src/main/java/com/yourname/blockatlas/gui/widget/SearchField.java:165: error: package GLFW does not exist
            case GLFW.GLFW_KEY_END -> cursor = text.length();
                     ^
/home/runner/work/blockfinder/blockfinder/src/main/java/com/yourname/blockatlas/gui/widget/SearchField.java:166: error: package GLFW does not exist
            case GLFW.GLFW_KEY_A -> {
                     ^
/home/runner/work/blockfinder/blockfinder/src/main/java/com/yourname/blockatlas/gui/widget/SearchField.java:171: error: package GLFW does not exist
            case GLFW.GLFW_KEY_C -> {
                     ^
/home/runner/work/blockfinder/blockfinder/src/main/java/com/yourname/blockatlas/gui/widget/SearchField.java:176: error: package GLFW does not exist
            case GLFW.GLFW_KEY_V -> {
                     ^
37 errors
	at org.gradle.api.internal.tasks.compile.JdkJavaCompiler.execute(JdkJavaCompiler.java:88)
	at org.gradle.api.internal.tasks.compile.JdkJavaCompiler.execute(JdkJavaCompiler.java:49)
	at org.gradle.api.internal.tasks.compile.NormalizingJavaCompiler.delegateAndHandleErrors(NormalizingJavaCompiler.java:98)
	at org.gradle.api.internal.tasks.compile.NormalizingJavaCompiler.execute(NormalizingJavaCompiler.java:52)
	at org.gradle.api.internal.tasks.compile.NormalizingJavaCompiler.execute(NormalizingJavaCompiler.java:38)
	at org.gradle.api.internal.tasks.compile.AnnotationProcessorDiscoveringCompiler.execute(AnnotationProcessorDiscoveringCompiler.java:52)
	at org.gradle.api.internal.tasks.compile.AnnotationProcessorDiscoveringCompiler.execute(AnnotationProcessorDiscoveringCompiler.java:38)
	at org.gradle.api.internal.tasks.compile.ModuleApplicationNameWritingCompiler.execute(ModuleApplicationNameWritingCompiler.java:46)
	at org.gradle.api.internal.tasks.compile.ModuleApplicationNameWritingCompiler.execute(ModuleApplicationNameWritingCompiler.java:36)
	at org.gradle.jvm.toolchain.internal.DefaultToolchainJavaCompiler.execute(DefaultToolchainJavaCompiler.java:57)
	at org.gradle.api.tasks.compile.JavaCompile.lambda$createToolchainCompiler$0(JavaCompile.java:207)
	at org.gradle.api.internal.tasks.compile.CleaningJavaCompiler.execute(CleaningJavaCompiler.java:53)
	at org.gradle.api.internal.tasks.compile.incremental.IncrementalCompilerFactory.lambda$createRebuildAllCompiler$0(IncrementalCompilerFactory.java:55)
	at org.gradle.api.internal.tasks.compile.incremental.SelectiveCompiler.execute(SelectiveCompiler.java:70)
	at org.gradle.api.internal.tasks.compile.incremental.SelectiveCompiler.execute(SelectiveCompiler.java:44)
	at org.gradle.api.internal.tasks.compile.incremental.IncrementalResultStoringCompiler.execute(IncrementalResultStoringCompiler.java:66)
	at org.gradle.api.internal.tasks.compile.incremental.IncrementalResultStoringCompiler.execute(IncrementalResultStoringCompiler.java:52)
	at org.gradle.api.internal.tasks.compile.CompileJavaBuildOperationReportingCompiler$CompileOperation.call(CompileJavaBuildOperationReportingCompiler.java:78)
	at org.gradle.api.internal.tasks.compile.CompileJavaBuildOperationReportingCompiler$CompileOperation.call(CompileJavaBuildOperationReportingCompiler.java:52)
	at org.gradle.internal.operations.DefaultBuildOperationRunner$CallableBuildOperationWorker.execute(DefaultBuildOperationRunner.java:210)
	at org.gradle.internal.operations.DefaultBuildOperationRunner$CallableBuildOperationWorker.execute(DefaultBuildOperationRunner.java:205)
	at org.gradle.internal.operations.DefaultBuildOperationRunner$2.execute(DefaultBuildOperationRunner.java:67)
	at org.gradle.internal.operations.DefaultBuildOperationRunner$2.execute(DefaultBuildOperationRunner.java:60)
	at org.gradle.internal.operations.DefaultBuildOperationRunner.execute(DefaultBuildOperationRunner.java:167)
	at org.gradle.internal.operations.DefaultBuildOperationRunner.execute(DefaultBuildOperationRunner.java:60)
	at org.gradle.internal.operations.DefaultBuildOperationRunner.call(DefaultBuildOperationRunner.java:54)
	at org.gradle.api.internal.tasks.compile.CompileJavaBuildOperationReportingCompiler.execute(CompileJavaBuildOperationReportingCompiler.java:49)
	at org.gradle.api.tasks.compile.JavaCompile.performCompilation(JavaCompile.java:225)
	at org.gradle.api.tasks.compile.JavaCompile.performIncrementalCompilation(JavaCompile.java:166)
	at org.gradle.api.tasks.compile.JavaCompile.compile(JavaCompile.java:151)
	at org.gradle.internal.reflect.JavaMethod.invoke(JavaMethod.java:125)
	at org.gradle.api.internal.project.taskfactory.IncrementalTaskAction.doExecute(IncrementalTaskAction.java:45)
	at org.gradle.api.internal.project.taskfactory.StandardTaskAction.execute(StandardTaskAction.java:51)
	at org.gradle.api.internal.project.taskfactory.IncrementalTaskAction.execute(IncrementalTaskAction.java:26)
	at org.gradle.api.internal.project.taskfactory.StandardTaskAction.execute(StandardTaskAction.java:29)
	at org.gradle.api.internal.tasks.execution.TaskExecution$3.run(TaskExecution.java:259)
	at org.gradle.internal.operations.DefaultBuildOperationRunner$1.execute(DefaultBuildOperationRunner.java:30)
	at org.gradle.internal.operations.DefaultBuildOperationRunner$1.execute(DefaultBuildOperationRunner.java:27)
	at org.gradle.internal.operations.DefaultBuildOperationRunner$2.execute(DefaultBuildOperationRunner.java:67)
	at org.gradle.internal.operations.DefaultBuildOperationRunner$2.execute(DefaultBuildOperationRunner.java:60)
	at org.gradle.internal.operations.DefaultBuildOperationRunner.execute(DefaultBuildOperationRunner.java:167)
	at org.gradle.internal.operations.DefaultBuildOperationRunner.execute(DefaultBuildOperationRunner.java:60)
	at org.gradle.internal.operations.DefaultBuildOperationRunner.run(DefaultBuildOperationRunner.java:48)
	at org.gradle.api.internal.tasks.execution.TaskExecution.executeAction(TaskExecution.java:244)
	at org.gradle.api.internal.tasks.execution.TaskExecution.executeActions(TaskExecution.java:227)
	at org.gradle.api.internal.tasks.execution.TaskExecution.executeWithPreviousOutputFiles(TaskExecution.java:210)
	at org.gradle.api.internal.tasks.execution.TaskExecution.execute(TaskExecution.java:176)
	at org.gradle.internal.execution.steps.ExecuteStep.executeInternal(ExecuteStep.java:167)
	at org.gradle.internal.execution.steps.ExecuteStep.access$000(ExecuteStep.java:47)
	at org.gradle.internal.execution.steps.ExecuteStep$1.call(ExecuteStep.java:137)
	at org.gradle.internal.execution.steps.ExecuteStep$1.call(ExecuteStep.java:134)
	at org.gradle.internal.operations.DefaultBuildOperationRunner$CallableBuildOperationWorker.execute(DefaultBuildOperationRunner.java:210)
	at org.gradle.internal.operations.DefaultBuildOperationRunner$CallableBuildOperationWorker.execute(DefaultBuildOperationRunner.java:205)
	at org.gradle.internal.operations.DefaultBuildOperationRunner$2.execute(DefaultBuildOperationRunner.java:67)
	at org.gradle.internal.operations.DefaultBuildOperationRunner$2.execute(DefaultBuildOperationRunner.java:60)
	at org.gradle.internal.operations.DefaultBuildOperationRunner.execute(DefaultBuildOperationRunner.java:167)
	at org.gradle.internal.operations.DefaultBuildOperationRunner.execute(DefaultBuildOperationRunner.java:60)
	at org.gradle.internal.operations.DefaultBuildOperationRunner.call(DefaultBuildOperationRunner.java:54)
	at org.gradle.internal.execution.steps.ExecuteStep.execute(ExecuteStep.java:134)
	at org.gradle.internal.execution.steps.ExecuteStep$Mutable.execute(ExecuteStep.java:80)
	at org.gradle.internal.execution.steps.CancelExecutionStep.execute(CancelExecutionStep.java:42)
	at org.gradle.internal.execution.steps.TimeoutStep.executeWithoutTimeout(TimeoutStep.java:75)
	at org.gradle.internal.execution.steps.TimeoutStep.execute(TimeoutStep.java:55)
	at org.gradle.internal.execution.steps.PreCreateOutputParentsStep.execute(PreCreateOutputParentsStep.java:51)
	at org.gradle.internal.execution.steps.PreCreateOutputParentsStep.execute(PreCreateOutputParentsStep.java:29)
	at org.gradle.internal.execution.steps.RemovePreviousOutputsStep.executeMutable(RemovePreviousOutputsStep.java:67)
	at org.gradle.internal.execution.steps.RemovePreviousOutputsStep.executeMutable(RemovePreviousOutputsStep.java:39)
	at org.gradle.internal.execution.steps.MutableStep.execute(MutableStep.java:26)
	at org.gradle.internal.execution.steps.BroadcastChangingOutputsStep.execute(BroadcastChangingOutputsStep.java:42)
	at org.gradle.internal.execution.steps.BroadcastChangingOutputsStep.execute(BroadcastChangingOutputsStep.java:24)
	at org.gradle.internal.execution.steps.CaptureOutputsAfterExecutionStep.execute(CaptureOutputsAfterExecutionStep.java:69)
	at org.gradle.internal.execution.steps.CaptureOutputsAfterExecutionStep.execute(CaptureOutputsAfterExecutionStep.java:46)
	at org.gradle.internal.execution.steps.ResolveInputChangesStep.executeMutable(ResolveInputChangesStep.java:39)
	at org.gradle.internal.execution.steps.ResolveInputChangesStep.executeMutable(ResolveInputChangesStep.java:28)
	at org.gradle.internal.execution.steps.MutableStep.execute(MutableStep.java:26)
	at org.gradle.internal.execution.steps.BuildCacheStep.executeWithoutCache(BuildCacheStep.java:189)
	at org.gradle.internal.execution.steps.BuildCacheStep.lambda$execute$1(BuildCacheStep.java:76)
	at org.gradle.internal.Either$Right.fold(Either.java:176)
	at org.gradle.internal.execution.caching.CachingState.fold(CachingState.java:62)
	at org.gradle.internal.execution.steps.BuildCacheStep.execute(BuildCacheStep.java:74)
	at org.gradle.internal.execution.steps.BuildCacheStep.execute(BuildCacheStep.java:49)
	at org.gradle.internal.execution.steps.StoreExecutionStateStep.executeMutable(StoreExecutionStateStep.java:46)
	at org.gradle.internal.execution.steps.StoreExecutionStateStep.executeMutable(StoreExecutionStateStep.java:35)
	at org.gradle.internal.execution.steps.MutableStep.execute(MutableStep.java:26)
	at org.gradle.internal.execution.steps.SkipUpToDateStep.executeBecause(SkipUpToDateStep.java:75)
	at org.gradle.internal.execution.steps.SkipUpToDateStep.lambda$execute$2(SkipUpToDateStep.java:53)
	at org.gradle.internal.execution.steps.SkipUpToDateStep.execute(SkipUpToDateStep.java:53)
	at org.gradle.internal.execution.steps.SkipUpToDateStep.execute(SkipUpToDateStep.java:35)
	at org.gradle.internal.execution.steps.legacy.MarkSnapshottingInputsFinishedStep.execute(MarkSnapshottingInputsFinishedStep.java:37)
	at org.gradle.internal.execution.steps.legacy.MarkSnapshottingInputsFinishedStep.execute(MarkSnapshottingInputsFinishedStep.java:27)
	at org.gradle.internal.execution.steps.ResolveMutableCachingStateStep.executeDelegate(ResolveMutableCachingStateStep.java:70)
	at org.gradle.internal.execution.steps.ResolveMutableCachingStateStep.executeDelegate(ResolveMutableCachingStateStep.java:32)
	at org.gradle.internal.execution.steps.AbstractResolveCachingStateStep.execute(AbstractResolveCachingStateStep.java:69)
	at org.gradle.internal.execution.steps.AbstractResolveCachingStateStep.execute(AbstractResolveCachingStateStep.java:37)
	at org.gradle.internal.execution.steps.ResolveChangesStep.executeMutable(ResolveChangesStep.java:63)
	at org.gradle.internal.execution.steps.ResolveChangesStep.executeMutable(ResolveChangesStep.java:34)
	at org.gradle.internal.execution.steps.MutableStep.execute(MutableStep.java:26)
	at org.gradle.internal.execution.steps.ValidateStep$Mutable.executeDelegate(ValidateStep.java:79)
	at org.gradle.internal.execution.steps.ValidateStep$Mutable.executeDelegate(ValidateStep.java:65)
	at org.gradle.internal.execution.steps.ValidateStep.execute(ValidateStep.java:105)
	at org.gradle.internal.execution.steps.ValidateStep$Mutable.execute(ValidateStep.java:65)
	at org.gradle.internal.execution.steps.CaptureMutableStateBeforeExecutionStep.executeMutable(CaptureMutableStateBeforeExecutionStep.java:86)
	at org.gradle.internal.execution.steps.CaptureMutableStateBeforeExecutionStep.execute(CaptureMutableStateBeforeExecutionStep.java:65)
	at org.gradle.internal.execution.steps.CaptureMutableStateBeforeExecutionStep.execute(CaptureMutableStateBeforeExecutionStep.java:45)
	at org.gradle.internal.execution.steps.SkipEmptyMutableWorkStep.executeWithNonEmptySources(SkipEmptyMutableWorkStep.java:210)
	at org.gradle.internal.execution.steps.SkipEmptyMutableWorkStep.executeMutable(SkipEmptyMutableWorkStep.java:90)
	at org.gradle.internal.execution.steps.SkipEmptyMutableWorkStep.executeMutable(SkipEmptyMutableWorkStep.java:53)
	at org.gradle.internal.execution.steps.MutableStep.execute(MutableStep.java:26)
	at org.gradle.internal.execution.steps.legacy.MarkSnapshottingInputsStartedStep.execute(MarkSnapshottingInputsStartedStep.java:38)
	at org.gradle.internal.execution.steps.LoadPreviousExecutionStateStep.executeMutable(LoadPreviousExecutionStateStep.java:36)
	at org.gradle.internal.execution.steps.LoadPreviousExecutionStateStep.executeMutable(LoadPreviousExecutionStateStep.java:23)
	at org.gradle.internal.execution.steps.MutableStep.execute(MutableStep.java:26)
	at org.gradle.internal.execution.steps.HandleStaleOutputsStep.executeMutable(HandleStaleOutputsStep.java:77)
	at org.gradle.internal.execution.steps.HandleStaleOutputsStep.executeMutable(HandleStaleOutputsStep.java:43)
	at org.gradle.internal.execution.steps.MutableStep.execute(MutableStep.java:26)
	at org.gradle.internal.execution.steps.AssignMutableWorkspaceStep.lambda$executeMutable$0(AssignMutableWorkspaceStep.java:34)
	at org.gradle.api.internal.tasks.execution.TaskExecution$4.withWorkspace(TaskExecution.java:305)
	at org.gradle.internal.execution.steps.AssignMutableWorkspaceStep.executeMutable(AssignMutableWorkspaceStep.java:30)
	at org.gradle.internal.execution.steps.AssignMutableWorkspaceStep.executeMutable(AssignMutableWorkspaceStep.java:21)
	at org.gradle.internal.execution.steps.MutableStep.execute(MutableStep.java:26)
	at org.gradle.internal.execution.steps.ChoosePipelineStep.execute(ChoosePipelineStep.java:40)
	at org.gradle.internal.execution.steps.ChoosePipelineStep.execute(ChoosePipelineStep.java:23)
	at org.gradle.internal.execution.steps.ExecuteWorkBuildOperationFiringStep.lambda$execute$2(ExecuteWorkBuildOperationFiringStep.java:67)
	at org.gradle.internal.execution.steps.ExecuteWorkBuildOperationFiringStep.execute(ExecuteWorkBuildOperationFiringStep.java:67)
	at org.gradle.internal.execution.steps.ExecuteWorkBuildOperationFiringStep.execute(ExecuteWorkBuildOperationFiringStep.java:39)
	at org.gradle.internal.execution.steps.IdentityCacheStep.execute(IdentityCacheStep.java:46)
	at org.gradle.internal.execution.steps.IdentityCacheStep.execute(IdentityCacheStep.java:34)
	at org.gradle.internal.execution.steps.IdentifyStep.execute(IdentifyStep.java:56)
	at org.gradle.internal.execution.steps.IdentifyStep.execute(IdentifyStep.java:38)
	at org.gradle.internal.execution.impl.DefaultExecutionEngine$1.execute(DefaultExecutionEngine.java:68)
	at org.gradle.api.internal.tasks.execution.ExecuteActionsTaskExecuter.executeIfValid(ExecuteActionsTaskExecuter.java:132)
	... 61 more


BUILD FAILED in 31s
1 actionable task: 1 executed
